// Jest Snapshot v1, https://goo.gl/fbAQLP

exports[`Test GifItem component should match snapshot 1`] = `
<div>
  <div
    class="card"
  >
    <h4>
      test title
    </h4>
    <img
      alt="test title"
      src="https://dragon-ball.com/goku.jpg"
    />
  </div>
</div>
`;
